1	0
2	3
3	0
4	6
5	0
6	7
7	0
8	5
9	0
10	5
11	0
12	3
13	0
14	0
15	3
16	5
17	0
18	4
19	0
20	4
21	0
22	6
23	0
24	4
25	0
26	0
27	0
28	0
29	3
30	4
31	0
32	2
33	0
34	0
35	0
36	2
37	0
38	2
39	0
40	3
41	0
42	3
43	0
44	2
45	0
46	1
47	0
48	2
49	0
50	0
51	0
52	2
53	0
54	0
55	0
56	0
57	0
58	4
59	0
60	0
61	0
62	1
63	0
64	3
65	0
66	1
67	0
68	0
69	0
70	0
71	0
72	0
73	0
74	0
75	0
76	1
77	0
78	0
79	0
80	0
81	0
82	0
83	0
84	0
85	0
86	0
87	0
88	0
89	0
90	0
91	0
92	0
93	0
94	0
95	0
96	0
97	0
98	0
99	0
100	0
