1	0
2	4
3	0
4	3
5	0
6	6
7	0
8	4
9	0
10	1
11	0
12	9
13	0
14	0
15	6
16	2
17	0
18	3
19	0
20	1
21	0
22	4
23	0
24	3
25	0
26	3
27	0
28	0
29	5
30	3
31	0
32	3
33	0
34	5
35	0
36	2
37	0
38	4
39	0
40	4
41	0
42	3
43	0
44	3
45	0
46	5
47	0
48	3
49	0
50	1
51	0
52	3
53	0
54	4
55	0
56	0
57	3
58	0
59	0
60	2
61	0
62	0
63	0
64	2
65	0
66	1
67	0
68	2
69	0
70	3
71	0
72	1
73	0
74	2
75	0
76	1
77	0
78	3
79	0
80	3
81	0
82	0
83	0
84	0
85	0
86	1
87	0
88	3
89	0
90	0
91	0
92	1
93	0
94	0
95	0
96	0
97	0
98	0
99	0
100	2
