1	0
2	61
3	0
4	25
5	0
6	18
7	0
8	12
9	0
10	6
11	0
12	8
13	0
14	0
15	2
16	3
17	0
18	5
19	0
20	6
21	0
22	4
23	0
24	5
25	0
26	5
27	0
28	0
29	3
30	1
31	0
32	4
33	0
34	0
35	0
36	1
37	0
38	2
39	0
40	0
41	0
42	1
43	0
44	1
45	0
46	1
47	0
48	1
49	0
50	0
51	0
52	1
53	0
54	0
55	0
56	0
57	0
58	2
59	0
60	1
61	0
62	0
63	0
64	1
65	0
66	0
67	0
68	1
69	0
70	0
71	0
72	0
73	0
74	0
75	0
76	2
77	0
78	0
79	0
80	1
81	0
82	0
83	0
84	0
85	0
86	0
87	0
88	0
89	0
90	0
91	0
92	0
93	0
94	0
95	0
96	0
97	0
98	0
99	0
100	0
